=~=~=~=~=~=~=~=~=~=~=~= PuTTY log 2022.10.02 14:18:38 =~=~=~=~=~=~=~=~=~=~=~=

 ets Jan  8 2013,rst cause:2, boot mode:(3,6)

load 0x40100000, len 7040, room 16 
tail 0
chksum 0xee
load 0x3ffe8408, len 24, room 8 
tail 0
chksum 0x67
load 0x3ffe8420, len 3324, room 8 
tail 4
chksum 0x47
csum 0x47
[0;32mI (42) boot: ESP-IDF v3.4-49-g0f200b46 2nd stage bootloader[0m
[0;32mI (42) boot: compile time 18:24:00[0m
[0;32mI (43) qio_mode: Enabling default flash chip QIO[0m
[0;32mI (51) boot: SPI Speed      : 40MHz[0m
[0;32mI (57) boot: SPI Mode       : QIO[0m
[0;32mI (63) boot: SPI Flash Size : 1MB[0m
[0;32mI (69) boot: Partition Table:[0m
[0;32mI (75) boot: ## Label            Usage          Type ST Offset   Length[0m
[0;32mI (86) boot:  0 nvs              WiFi data        01 02 00009000 00006000[0m
[0;32mI (98) boot:  1 phy_init         RF data          01 01 0000f000 00001000[0m
[0;32mI (109) boot:  2 factory          factory app      00 00 00010000 000f0000[0m
[0;32mI (121) boot: End of partition table[0m
[0;32mI (127) esp_image: segment 0: paddr=0x00010010 vaddr=0x40210010 size=0x15fa4 ( 90020) map[0m
[0;32mI (171) esp_image: segment 1: paddr=0x00025fbc vaddr=0x40225fb4 size=0x05a14 ( 23060) map[0m
[0;32mI (179) esp_image: segment 2: paddr=0x0002b9d8 vaddr=0x3ffe8000 size=0x003dc (   988) load[0m
[0;32mI (182) esp_image: segment 3: paddr=0x0002bdbc vaddr=0x40100000 size=0x00080 (   128) load[0m
[0;32mI (196) esp_image: segment 4: paddr=0x0002be44 vaddr=0x40100080 size=0x045b8 ( 17848) load[0m
[0;32mI (215) boot: Loaded app from partition at offset 0x10000[0m
[0;32mI (235) gpio: GPIO[0]| InputEn: 0| OutputEn: 1| OpenDrain: 0| Pullup: 0| Pulldown: 0| Intr:0 [0m
[0;32mI (238) gpio: GPIO[2]| InputEn: 1| OutputEn: 0| OpenDrain: 0| Pullup: 1| Pulldown: 0| Intr:0 [0m
[0;32mI (249) main: cnt: 0
[0m
[0;32mI (1249) main: cnt: 1
[0m
[0;32mI (2249) main: cnt: 2
[0m
[0;32mI (3249) main: cnt: 3
[0m
[0;32mI (4249) main: cnt: 4
[0m
[0;32mI (5249) main: cnt: 5
[0m
[0;32mI (6249) main: cnt: 6
[0m
[0;32mI (7249) main: cnt: 7
[0m
[0;32mI (8249) main: cnt: 8
[0m
[0;32mI (9249) main: cnt: 9
[0m
[0;32mI (10250) main: cnt: 10
[0m
